00:00 +0: loading H:/incomexpense/test/widget_test.dart
00:00 +0: OnboardingScreen renders slides and controls
ΓòÉΓòÉΓòí EXCEPTION CAUGHT BY WIDGETS LIBRARY Γò₧ΓòÉΓòÉΓòÉΓòÉΓòÉΓòÉΓòÉΓòÉΓòÉΓòÉΓòÉΓòÉΓòÉΓòÉΓòÉΓòÉΓòÉΓòÉΓòÉΓòÉΓòÉΓòÉΓòÉΓòÉΓòÉΓòÉΓòÉΓòÉΓòÉΓòÉΓòÉΓòÉΓòÉΓòÉΓòÉΓòÉΓòÉΓòÉΓòÉΓòÉΓòÉΓòÉΓòÉΓòÉΓòÉΓòÉΓòÉΓòÉΓòÉΓòÉΓòÉΓòÉΓòÉΓòÉΓòÉΓòÉΓòÉΓòÉΓòÉ
The following message was thrown building Obx(has builder, dirty, state: ObxState#51fe2):
      [Get] the improper use of a GetX has been detected.
      You should only use GetX or Obx for the specific widget that will be updated.
      If you are seeing this error, you probably did not insert any observable variables into
GetX/Obx
      or insert them outside the scope that GetX considers suitable for an update
      (example: GetX => HeavyWidget => variableObservable).
      If you need to update a parent widget and a child widget, wrap each one in an Obx/GetX.

The relevant error-causing widget was:
  Obx Obx:file:///H:/incomexpense/lib/views/onboarding/onboarding_screen.dart:15:11

When the exception was thrown, this was the stack:
#0      RxInterface.notifyChildren (package:get/get_rx/src/rx_types/rx_core/rx_interface.dart:29:7)
#1      ObxState.build (package:get/get_state_manager/src/rx_flutter/rx_obx_widget.dart:56:19)
#2      StatefulElement.build (package:flutter/src/widgets/framework.dart:5931:27)
#3      ComponentElement.performRebuild (package:flutter/src/widgets/framework.dart:5817:15)
#4      StatefulElement.performRebuild (package:flutter/src/widgets/framework.dart:5982:11)
#5      Element.rebuild (package:flutter/src/widgets/framework.dart:5529:7)
#6      ComponentElement._firstBuild (package:flutter/src/widgets/framework.dart:5799:5)
#7      StatefulElement._firstBuild (package:flutter/src/widgets/framework.dart:5973:11)
#8      ComponentElement.mount (package:flutter/src/widgets/framework.dart:5793:5)
#9      Element.inflateWidget (package:flutter/src/widgets/framework.dart:4587:20)
#10     MultiChildRenderObjectElement.inflateWidget (package:flutter/src/widgets/framework.dart:7264:36)
#11     MultiChildRenderObjectElement.mount (package:flutter/src/widgets/framework.dart:7279:32)
...     Normal element mounting (25 frames)
#36     Element.inflateWidget (package:flutter/src/widgets/framework.dart:4587:20)
#37     MultiChildRenderObjectElement.inflateWidget (package:flutter/src/widgets/framework.dart:7264:36)
#38     MultiChildRenderObjectElement.mount (package:flutter/src/widgets/framework.dart:7279:32)
...     Normal element mounting (368 frames)
#406    Element.inflateWidget (package:flutter/src/widgets/framework.dart:4587:20)
#407    MultiChildRenderObjectElement.inflateWidget (package:flutter/src/widgets/framework.dart:7264:36)
#408    MultiChildRenderObjectElement.mount (package:flutter/src/widgets/framework.dart:7279:32)
...     Normal element mounting (493 frames)
#901    Element.inflateWidget (package:flutter/src/widgets/framework.dart:4587:20)
#902    Element.updateChild (package:flutter/src/widgets/framework.dart:4053:20)
#903    ComponentElement.performRebuild (package:flutter/src/widgets/framework.dart:5841:16)
#904    Element.rebuild (package:flutter/src/widgets/framework.dart:5529:7)
#905    ProxyElement.update (package:flutter/src/widgets/framework.dart:6149:5)
#906    _InheritedNotifierElement.update (package:flutter/src/widgets/inherited_notifier.dart:108:11)
#907    Element.updateChild (package:flutter/src/widgets/framework.dart:4037:15)
#908    ComponentElement.performRebuild (package:flutter/src/widgets/framework.dart:5841:16)
#909    StatefulElement.performRebuild (package:flutter/src/widgets/framework.dart:5982:11)
#910    Element.rebuild (package:flutter/src/widgets/framework.dart:5529:7)
#911    StatefulElement.update (package:flutter/src/widgets/framework.dart:6007:5)
#912    Element.updateChild (package:flutter/src/widgets/framework.dart:4037:15)
#913    ComponentElement.performRebuild (package:flutter/src/widgets/framework.dart:5841:16)
#914    Element.rebuild (package:flutter/src/widgets/framework.dart:5529:7)
#915    ProxyElement.update (package:flutter/src/widgets/framework.dart:6149:5)
#916    _InheritedNotifierElement.update (package:flutter/src/widgets/inherited_notifier.dart:108:11)
#917    Element.updateChild (package:flutter/src/widgets/framework.dart:4037:15)
#918    ComponentElement.performRebuild (package:flutter/src/widgets/framework.dart:5841:16)
#919    StatefulElement.performRebuild (package:flutter/src/widgets/framework.dart:5982:11)
#920    Element.rebuild (package:flutter/src/widgets/framework.dart:5529:7)
#921    StatefulElement.update (package:flutter/src/widgets/framework.dart:6007:5)
#922    Element.updateChild (package:flutter/src/widgets/framework.dart:4037:15)
#923    ComponentElement.performRebuild (package:flutter/src/widgets/framework.dart:5841:16)
#924    StatefulElement.performRebuild (package:flutter/src/widgets/framework.dart:5982:11)
#925    Element.rebuild (package:flutter/src/widgets/framework.dart:5529:7)
#926    StatefulElement.update (package:flutter/src/widgets/framework.dart:6007:5)
#927    Element.updateChild (package:flutter/src/widgets/framework.dart:4037:15)
#928    ComponentElement.performRebuild (package:flutter/src/widgets/framework.dart:5841:16)
#929    Element.rebuild (package:flutter/src/widgets/framework.dart:5529:7)
#930    ProxyElement.update (package:flutter/src/widgets/framework.dart:6149:5)
#931    Element.updateChild (package:flutter/src/widgets/framework.dart:4037:15)
#932    ComponentElement.performRebuild (package:flutter/src/widgets/framework.dart:5841:16)
#933    StatefulElement.performRebuild (package:flutter/src/widgets/framework.dart:5982:11)
#934    Element.rebuild (package:flutter/src/widgets/framework.dart:5529:7)
#935    StatefulElement.update (package:flutter/src/widgets/framework.dart:6007:5)
#936    Element.updateChild (package:flutter/src/widgets/framework.dart:4037:15)
#937    ComponentElement.performRebuild (package:flutter/src/widgets/framework.dart:5841:16)
#938    Element.rebuild (package:flutter/src/widgets/framework.dart:5529:7)
#939    ProxyElement.update (package:flutter/src/widgets/framework.dart:6149:5)
#940    Element.updateChild (package:flutter/src/widgets/framework.dart:4037:15)
#941    ComponentElement.performRebuild (package:flutter/src/widgets/framework.dart:5841:16)
#942    Element.rebuild (package:flutter/src/widgets/framework.dart:5529:7)
#943    ProxyElement.update (package:flutter/src/widgets/framework.dart:6149:5)
#944    Element.updateChild (package:flutter/src/widgets/framework.dart:4037:15)
#945    _RawViewElement._updateChild (package:flutter/src/widgets/view.dart:481:16)
#946    _RawViewElement.update (package:flutter/src/widgets/view.dart:568:5)
#947    Element.updateChild (package:flutter/src/widgets/framework.dart:4037:15)
#948    ComponentElement.performRebuild (package:flutter/src/widgets/framework.dart:5841:16)
#949    Element.rebuild (package:flutter/src/widgets/framework.dart:5529:7)
#950    StatelessElement.update (package:flutter/src/widgets/framework.dart:5895:5)
#951    Element.updateChild (package:flutter/src/widgets/framework.dart:4037:15)
#952    ComponentElement.performRebuild (package:flutter/src/widgets/framework.dart:5841:16)
#953    StatefulElement.performRebuild (package:flutter/src/widgets/framework.dart:5982:11)
#954    Element.rebuild (package:flutter/src/widgets/framework.dart:5529:7)
#955    StatefulElement.update (package:flutter/src/widgets/framework.dart:6007:5)
#956    Element.updateChild (package:flutter/src/widgets/framework.dart:4037:15)
#957    RootElement._rebuild (package:flutter/src/widgets/binding.dart:2091:16)
#958    RootElement.update (package:flutter/src/widgets/binding.dart:2069:5)
#959    RootElement.performRebuild (package:flutter/src/widgets/binding.dart:2083:7)
#960    Element.rebuild (package:flutter/src/widgets/framework.dart:5529:7)
#961    BuildScope._tryRebuild (package:flutter/src/widgets/framework.dart:2750:15)
#962    BuildScope._flushDirtyElements (package:flutter/src/widgets/framework.dart:2807:11)
#963    BuildOwner.buildScope (package:flutter/src/widgets/framework.dart:3111:18)
#964    AutomatedTestWidgetsFlutterBinding.drawFrame (package:flutter_test/src/binding.dart:2431:19)
#965    RendererBinding._handlePersistentFrameCallback (package:flutter/src/rendering/binding.dart:509:5)
#966    SchedulerBinding._invokeFrameCallback (package:flutter/src/scheduler/binding.dart:1430:15)
#967    SchedulerBinding.handleDrawFrame (package:flutter/src/scheduler/binding.dart:1345:9)
#968    AutomatedTestWidgetsFlutterBinding.pump.<anonymous closure> (package:flutter_test/src/binding.dart:2260:9)
#971    TestAsyncUtils.guard (package:flutter_test/src/test_async_utils.dart:74:41)
#972    AutomatedTestWidgetsFlutterBinding.pump (package:flutter_test/src/binding.dart:2249:27)
#973    WidgetTester.pumpWidget.<anonymous closure> (package:flutter_test/src/widget_tester.dart:598:22)
#976    TestAsyncUtils.guard (package:flutter_test/src/test_async_utils.dart:74:41)
#977    WidgetTester.pumpWidget (package:flutter_test/src/widget_tester.dart:595:27)
#978    main.<anonymous closure> (file:///H:/incomexpense/test/widget_test.dart:19:18)
#979    testWidgets.<anonymous closure>.<anonymous closure> (package:flutter_test/src/widget_tester.dart:192:29)
<asynchronous suspension>
#980    TestWidgetsFlutterBinding._runTestBody (package:flutter_test/src/binding.dart:1952:5)
<asynchronous suspension>
<asynchronous suspension>
(elided 5 frames from dart:async and package:stack_trace)

ΓòÉΓòÉΓòÉΓòÉΓòÉΓòÉΓòÉΓòÉΓòÉΓòÉΓòÉΓòÉΓòÉΓòÉΓòÉΓòÉΓòÉΓòÉΓòÉΓòÉΓòÉΓòÉΓòÉΓòÉΓòÉΓòÉΓòÉΓòÉΓòÉΓòÉΓòÉΓòÉΓòÉΓòÉΓòÉΓòÉΓòÉΓòÉΓòÉΓòÉΓòÉΓòÉΓòÉΓòÉΓòÉΓòÉΓòÉΓòÉΓòÉΓòÉΓòÉΓòÉΓòÉΓòÉΓòÉΓòÉΓòÉΓòÉΓòÉΓòÉΓòÉΓòÉΓòÉΓòÉΓòÉΓòÉΓòÉΓòÉΓòÉΓòÉΓòÉΓòÉΓòÉΓòÉΓòÉΓòÉΓòÉΓòÉΓòÉΓòÉΓòÉΓòÉΓòÉΓòÉΓòÉΓòÉΓòÉΓòÉΓòÉΓòÉΓòÉΓòÉΓòÉΓòÉΓòÉΓòÉΓòÉΓòÉΓòÉΓòÉ
00:01 +0 -1: OnboardingScreen renders slides and controls [E]
  Test failed. See exception logs above.
  The test description was: OnboardingScreen renders slides and controls
  
00:01 +0 -1: Some tests failed.

Failing tests:
  H:/incomexpense/test/widget_test.dart: OnboardingScreen renders slides and controls
